11:49:26 **** Incremental Build of configuration Debug for project ZK_KNOB ****
make -j4 all 
arm-none-eabi-gcc "../Core/Src/main.c" -mcpu=cortex-m0 -std=gnu11 -g3 -DDEBUG -DUSE_HAL_DRIVER -DSTM32F030x8 -c -I../Core/Inc -I../Drivers/STM32F0xx_HAL_Driver/Inc -I../Drivers/STM32F0xx_HAL_Driver/Inc/Legacy -I../Drivers/CMSIS/Device/ST/STM32F0xx/Include -I../Drivers/CMSIS/Include -O0 -ffunction-sections -fdata-sections -Wall -fstack-usage -fcyclomatic-complexity -MMD -MP -MF"Core/Src/main.d" -MT"Core/Src/main.o" --specs=nano.specs -mfloat-abi=soft -mthumb -o "Core/Src/main.o"
arm-none-eabi-gcc -o "ZK_KNOB.elf" @"objects.list"   -mcpu=cortex-m0 -T"C:\Temp\xknobm00_MKS\MKS\MKS\ZK_18_1_2024\ZK_KNOB\STM32F030R8TX_FLASH.ld" --specs=nosys.specs -Wl,-Map="ZK_KNOB.map" -Wl,--gc-sections -static --specs=nano.specs -mfloat-abi=soft -mthumb -Wl,--start-group -lc -lm -Wl,--end-group
Finished building target: ZK_KNOB.elf
 
arm-none-eabi-size   ZK_KNOB.elf 
arm-none-eabi-objdump -h -S  ZK_KNOB.elf  > "ZK_KNOB.list"
   text	   data	    bss	    dec	    hex	filename
   7676	     20	   1700	   9396	   24b4	ZK_KNOB.elf
Finished building: default.size.stdout
 
Finished building: ZK_KNOB.list
 

11:49:27 Build Finished. 0 errors, 0 warnings. (took 972ms)

